Copyright 1986-2022 Xilinx, Inc. All Rights Reserved.
---------------------------------------------------------------------------------------------------------------------------------------------------------------------------------------------------------------------------------------------------------------------------------------------------------------------------------------------------------------------------------------------------------------------------------------------------------------
| Tool Version : Vivado v.2022.1.2 (lin64) Build 3605665 Fri Aug  5 22:52:02 MDT 2022
| Date         : Sun Oct 29 19:48:30 2023
| Host         : brg-zhang-xcel.ece.cornell.edu running 64-bit CentOS Linux release 7.9.2009 (Core)
| Command      : report_accelerator_utilization -kernels { Bert_layer_dataflow_region_1:level0_i/ulp/Bert_layer_dataflow_region_1_1/inst:Bert_layer_dataflow_region_1_1 Bert_layer_dataflow_region_2:level0_i/ulp/Bert_layer_dataflow_region_2_1/inst:Bert_layer_dataflow_region_2_1 Bert_layer_dataflow_region_3:level0_i/ulp/Bert_layer_dataflow_region_3_1/inst:Bert_layer_dataflow_region_3_1} -file kernel_util_routed.rpt -name kernel_util_routed -json
| Design       : level0_wrapper
| Device       : xcu280
| Design State : Routed
---------------------------------------------------------------------------------------------------------------------------------------------------------------------------------------------------------------------------------------------------------------------------------------------------------------------------------------------------------------------------------------------------------------------------------------------------------------

Accelerator Utilization Design Information

Table of Contents
-----------------
1. System Utilization

1. System Utilization
---------------------

+-----------------------------------+-------------------+------------------+-------------------+----------------+---------------+----------------+
| Name                              | LUT               | LUTAsMem         | REG               | BRAM           | URAM          | DSP            |
+-----------------------------------+-------------------+------------------+-------------------+----------------+---------------+----------------+
| Platform                          |  132845 [ 10.19%] |  14307 [  2.38%] |  204726 [  7.85%] |  197 [  9.77%] |   0 [  0.00%] |    4 [  0.04%] |
| User Budget                       | 1170835 [100.00%] | 586653 [100.00%] | 2402634 [100.00%] | 1819 [100.00%] | 960 [100.00%] | 9020 [100.00%] |
|    Used Resources                 |  437457 [ 37.36%] |  47572 [  8.11%] |  447455 [ 18.62%] |  185 [ 10.17%] |  47 [  4.90%] | 1776 [ 19.69%] |
|    Unused Resources               |  733378 [ 62.64%] | 539081 [ 91.89%] | 1955179 [ 81.38%] | 1634 [ 89.83%] | 913 [ 95.10%] | 7244 [ 80.31%] |
| Bert_layer_dataflow_region_1      |  133022 [ 11.36%] |  17860 [  3.04%] |  128419 [  5.34%] |   63 [  3.46%] |   3 [  0.31%] |  482 [  5.34%] |
|    Bert_layer_dataflow_region_1_1 |  133022 [ 11.36%] |  17860 [  3.04%] |  128419 [  5.34%] |   63 [  3.46%] |   3 [  0.31%] |  482 [  5.34%] |
| Bert_layer_dataflow_region_2      |  147911 [ 12.63%] |  14534 [  2.48%] |  152933 [  6.37%] |   49 [  2.69%] |  18 [  1.88%] |  590 [  6.54%] |
|    Bert_layer_dataflow_region_2_1 |  147911 [ 12.63%] |  14534 [  2.48%] |  152933 [  6.37%] |   49 [  2.69%] |  18 [  1.88%] |  590 [  6.54%] |
| Bert_layer_dataflow_region_3      |  156524 [ 13.37%] |  15178 [  2.59%] |  166103 [  6.91%] |   73 [  4.01%] |  26 [  2.71%] |  704 [  7.80%] |
|    Bert_layer_dataflow_region_3_1 |  156524 [ 13.37%] |  15178 [  2.59%] |  166103 [  6.91%] |   73 [  4.01%] |  26 [  2.71%] |  704 [  7.80%] |
+-----------------------------------+-------------------+------------------+-------------------+----------------+---------------+----------------+


