Copyright 1986-2022 Xilinx, Inc. All Rights Reserved.
---------------------------------------------------------------------------------------------------------------------
| Tool Version : Vivado v.2022.1.2 (lin64) Build 3605665 Fri Aug  5 22:52:02 MDT 2022
| Date         : Sun Oct 29 12:52:46 2023
| Host         : brg-zhang-xcel.ece.cornell.edu running 64-bit CentOS Linux release 7.9.2009 (Core)
| Command      : report_utilization -file ulp_ulp_ucs_0_utilization_synth.rpt -pb ulp_ulp_ucs_0_utilization_synth.pb
| Design       : ulp_ulp_ucs_0
| Device       : xcu280-fsvh2892-2L-e
| Speed File   : -2L
| Design State : Synthesized
---------------------------------------------------------------------------------------------------------------------

Utilization Design Information

Table of Contents
-----------------
1. CLB Logic
1.1 Summary of Registers by Type
2. CLB Logic Distribution
3. BLOCKRAM
4. ARITHMETIC
5. I/O
6. CLOCK
7. ADVANCED
8. CONFIGURATION
9. Primitives
10. Black Boxes
11. Instantiated Netlists
12. SLR Connectivity
13. SLR Connectivity Matrix
14. SLR CLB Logic and Dedicated Block Utilization
15. SLR IO Utilization

1. CLB Logic
------------

+-------------------------+------+-------+------------+-----------+-------+
|        Site Type        | Used | Fixed | Prohibited | Available | Util% |
+-------------------------+------+-------+------------+-----------+-------+
| CLB LUTs                |    0 |     0 |          0 |   1303680 |  0.00 |
|   LUT as Logic          |    0 |     0 |          0 |   1303680 |  0.00 |
|   LUT as Memory         |    0 |     0 |          0 |    600960 |  0.00 |
| CLB Registers           |    0 |     0 |          0 |   2607360 |  0.00 |
|   Register as Flip Flop |    0 |     0 |          0 |   2607360 |  0.00 |
|   Register as Latch     |    0 |     0 |          0 |   2607360 |  0.00 |
| CARRY8                  |    0 |     0 |          0 |    162960 |  0.00 |
| F7 Muxes                |    0 |     0 |          0 |    651840 |  0.00 |
| F8 Muxes                |    0 |     0 |          0 |    325920 |  0.00 |
| F9 Muxes                |    0 |     0 |          0 |    162960 |  0.00 |
+-------------------------+------+-------+------------+-----------+-------+


1.1 Summary of Registers by Type
--------------------------------

+-------+--------------+-------------+--------------+
| Total | Clock Enable | Synchronous | Asynchronous |
+-------+--------------+-------------+--------------+
| 0     |            _ |           - |            - |
| 0     |            _ |           - |          Set |
| 0     |            _ |           - |        Reset |
| 0     |            _ |         Set |            - |
| 0     |            _ |       Reset |            - |
| 0     |          Yes |           - |            - |
| 0     |          Yes |           - |          Set |
| 0     |          Yes |           - |        Reset |
| 0     |          Yes |         Set |            - |
| 0     |          Yes |       Reset |            - |
+-------+--------------+-------------+--------------+


2. CLB Logic Distribution
-------------------------

+----------------------------------------+------+-------+------------+-----------+-------+
|                Site Type               | Used | Fixed | Prohibited | Available | Util% |
+----------------------------------------+------+-------+------------+-----------+-------+
| CLB                                    |    0 |     0 |          0 |    162960 |  0.00 |
|   CLBL                                 |    0 |     0 |            |           |       |
|   CLBM                                 |    0 |     0 |            |           |       |
| LUT as Logic                           |    0 |     0 |          0 |   1303680 |  0.00 |
| LUT as Memory                          |    0 |     0 |          0 |    600960 |  0.00 |
|   LUT as Distributed RAM               |    0 |     0 |            |           |       |
|   LUT as Shift Register                |    0 |     0 |            |           |       |
| CLB Registers                          |    0 |     0 |          0 |   2607360 |  0.00 |
|   Register driven from within the CLB  |    0 |       |            |           |       |
|   Register driven from outside the CLB |    0 |       |            |           |       |
| Unique Control Sets                    |    0 |       |          0 |    325920 |  0.00 |
+----------------------------------------+------+-------+------------+-----------+-------+
* * Note: Available Control Sets calculated as Slices * 2, Review the Control Sets Report for more information regarding control sets.


3. BLOCKRAM
-----------

+----------------+------+-------+------------+-----------+-------+
|    Site Type   | Used | Fixed | Prohibited | Available | Util% |
+----------------+------+-------+------------+-----------+-------+
| Block RAM Tile |    0 |     0 |          0 |      2016 |  0.00 |
|   RAMB36/FIFO* |    0 |     0 |          0 |      2016 |  0.00 |
|   RAMB18       |    0 |     0 |          0 |      4032 |  0.00 |
| URAM           |    0 |     0 |          0 |       960 |  0.00 |
+----------------+------+-------+------------+-----------+-------+
* Note: Each Block RAM Tile only has one FIFO logic available and therefore can accommodate only one FIFO36E2 or one FIFO18E2. However, if a FIFO18E2 occupies a Block RAM Tile, that tile can still accommodate a RAMB18E2


4. ARITHMETIC
-------------

+-----------+------+-------+------------+-----------+-------+
| Site Type | Used | Fixed | Prohibited | Available | Util% |
+-----------+------+-------+------------+-----------+-------+
| DSPs      |    0 |     0 |          0 |      9024 |  0.00 |
+-----------+------+-------+------------+-----------+-------+


5. I/O
------

+------------------+------+-------+------------+-----------+-------+
|     Site Type    | Used | Fixed | Prohibited | Available | Util% |
+------------------+------+-------+------------+-----------+-------+
| Bonded IOB       |    0 |     0 |          0 |       624 |  0.00 |
| HPIOB_M          |    0 |     0 |          0 |       288 |  0.00 |
| HPIOB_S          |    0 |     0 |          0 |       288 |  0.00 |
| HPIOB_SNGL       |    0 |     0 |          0 |        48 |  0.00 |
| HPIOBDIFFINBUF   |    0 |     0 |          0 |       288 |  0.00 |
| HPIOBDIFFOUTBUF  |    0 |     0 |          0 |       288 |  0.00 |
| BITSLICE_CONTROL |    0 |     0 |          0 |        96 |  0.00 |
| BITSLICE_RX_TX   |    0 |     0 |          0 |      3744 |  0.00 |
| BITSLICE_TX      |    0 |     0 |          0 |        96 |  0.00 |
| RIU_OR           |    0 |     0 |          0 |        48 |  0.00 |
+------------------+------+-------+------------+-----------+-------+


6. CLOCK
--------

+----------------------+------+-------+------------+-----------+-------+
|       Site Type      | Used | Fixed | Prohibited | Available | Util% |
+----------------------+------+-------+------------+-----------+-------+
| GLOBAL CLOCK BUFFERs |    0 |     0 |          0 |      1008 |  0.00 |
|   BUFGCE             |    0 |     0 |          0 |       288 |  0.00 |
|   BUFGCE_DIV         |    0 |     0 |          0 |        48 |  0.00 |
|   BUFG_GT            |    0 |     0 |          0 |       576 |  0.00 |
|   BUFGCTRL*          |    0 |     0 |          0 |        96 |  0.00 |
| PLL                  |    0 |     0 |          0 |        24 |  0.00 |
| MMCM                 |    0 |     0 |          0 |        12 |  0.00 |
+----------------------+------+-------+------------+-----------+-------+
* Note: Each used BUFGCTRL counts as two GLOBAL CLOCK BUFFERs. This table does not include global clocking resources, only buffer cell usage. See the Clock Utilization Report (report_clock_utilization) for detailed accounting of global clocking resource availability.


7. ADVANCED
-----------

+----------------------+------+-------+------------+-----------+-------+
|       Site Type      | Used | Fixed | Prohibited | Available | Util% |
+----------------------+------+-------+------------+-----------+-------+
| CMACE4               |    0 |     0 |          0 |         8 |  0.00 |
| GTYE4_CHANNEL        |    0 |     0 |          0 |        24 |  0.00 |
| GTYE4_COMMON         |    0 |     0 |          0 |         6 |  0.00 |
| HBM_REF_CLK          |    0 |     0 |          0 |         2 |  0.00 |
| HBM_SNGLBLI_INTF_APB |    0 |     0 |          0 |        32 |  0.00 |
| HBM_SNGLBLI_INTF_AXI |    0 |     0 |          0 |        32 |  0.00 |
| ILKNE4               |    0 |     0 |          0 |         4 |  0.00 |
| OBUFDS_GTE4          |    0 |     0 |          0 |        12 |  0.00 |
| OBUFDS_GTE4_ADV      |    0 |     0 |          0 |        12 |  0.00 |
| PCIE40E4             |    0 |     0 |          0 |         2 |  0.00 |
| PCIE4CE4             |    0 |     0 |          0 |         4 |  0.00 |
| SYSMONE4             |    0 |     0 |          0 |         3 |  0.00 |
+----------------------+------+-------+------------+-----------+-------+


8. CONFIGURATION
----------------

+-------------+------+-------+------------+-----------+-------+
|  Site Type  | Used | Fixed | Prohibited | Available | Util% |
+-------------+------+-------+------------+-----------+-------+
| BSCANE2     |    0 |     0 |          0 |        12 |  0.00 |
| DNA_PORTE2  |    0 |     0 |          0 |         3 |  0.00 |
| EFUSE_USR   |    0 |     0 |          0 |         3 |  0.00 |
| FRAME_ECCE4 |    0 |     0 |          0 |         3 |  0.00 |
| ICAPE3      |    0 |     0 |          0 |         6 |  0.00 |
| MASTER_JTAG |    0 |     0 |          0 |         3 |  0.00 |
| STARTUPE3   |    0 |     0 |          0 |         3 |  0.00 |
+-------------+------+-------+------------+-----------+-------+


9. Primitives
-------------

+----------+------+---------------------+
| Ref Name | Used | Functional Category |
+----------+------+---------------------+


10. Black Boxes
---------------

+----------------------------------------------------------+------+
|                         Ref Name                         | Used |
+----------------------------------------------------------+------+
| ulp_ulp_ucs_0_bd_22c0_xbar_1                             |    1 |
| ulp_ulp_ucs_0_bd_22c0_xbar_0                             |    1 |
| ulp_ulp_ucs_0_bd_22c0_psreset_kernel_01_0                |    1 |
| ulp_ulp_ucs_0_bd_22c0_psreset_kernel_00_0                |    1 |
| ulp_ulp_ucs_0_bd_22c0_psreset_hbm_0                      |    1 |
| ulp_ulp_ucs_0_bd_22c0_psreset_aclk_freerun_0             |    1 |
| ulp_ulp_ucs_0_bd_22c0_gpio_ucs_control_status_0          |    1 |
| ulp_ulp_ucs_0_bd_22c0_gpio_gapping_demand_0              |    1 |
| ulp_ulp_ucs_0_bd_22c0_gapping_demand_update_0            |    1 |
| ulp_ulp_ucs_0_bd_22c0_gapping_demand_toggle_0            |    1 |
| ulp_ulp_ucs_0_bd_22c0_frequency_counter_aclk_kernel_01_0 |    1 |
| ulp_ulp_ucs_0_bd_22c0_frequency_counter_aclk_kernel_00_0 |    1 |
| ulp_ulp_ucs_0_bd_22c0_frequency_counter_aclk_hbm_0       |    1 |
| ulp_ulp_ucs_0_bd_22c0_frequency_counter_aclk_0           |    1 |
| ulp_ulp_ucs_0_bd_22c0_fanout_aresetn_pcie_slr2_4_0       |    1 |
| ulp_ulp_ucs_0_bd_22c0_fanout_aresetn_pcie_slr2_3_0       |    1 |
| ulp_ulp_ucs_0_bd_22c0_fanout_aresetn_pcie_slr2_2_0       |    1 |
| ulp_ulp_ucs_0_bd_22c0_fanout_aresetn_pcie_slr2_1_0       |    1 |
| ulp_ulp_ucs_0_bd_22c0_fanout_aresetn_pcie_slr1_4_0       |    1 |
| ulp_ulp_ucs_0_bd_22c0_fanout_aresetn_pcie_slr1_3_0       |    1 |
| ulp_ulp_ucs_0_bd_22c0_fanout_aresetn_pcie_slr1_2_0       |    1 |
| ulp_ulp_ucs_0_bd_22c0_fanout_aresetn_pcie_slr1_1_0       |    1 |
| ulp_ulp_ucs_0_bd_22c0_fanout_aresetn_pcie_slr0_4_0       |    1 |
| ulp_ulp_ucs_0_bd_22c0_fanout_aresetn_pcie_slr0_3_0       |    1 |
| ulp_ulp_ucs_0_bd_22c0_fanout_aresetn_pcie_slr0_2_0       |    1 |
| ulp_ulp_ucs_0_bd_22c0_fanout_aresetn_pcie_slr0_1_0       |    1 |
| ulp_ulp_ucs_0_bd_22c0_fanout_aresetn_kernel_01_slr2_4_0  |    1 |
| ulp_ulp_ucs_0_bd_22c0_fanout_aresetn_kernel_01_slr2_3_0  |    1 |
| ulp_ulp_ucs_0_bd_22c0_fanout_aresetn_kernel_01_slr2_2_0  |    1 |
| ulp_ulp_ucs_0_bd_22c0_fanout_aresetn_kernel_01_slr2_1_0  |    1 |
| ulp_ulp_ucs_0_bd_22c0_fanout_aresetn_kernel_01_slr1_4_0  |    1 |
| ulp_ulp_ucs_0_bd_22c0_fanout_aresetn_kernel_01_slr1_3_0  |    1 |
| ulp_ulp_ucs_0_bd_22c0_fanout_aresetn_kernel_01_slr1_2_0  |    1 |
| ulp_ulp_ucs_0_bd_22c0_fanout_aresetn_kernel_01_slr1_1_0  |    1 |
| ulp_ulp_ucs_0_bd_22c0_fanout_aresetn_kernel_01_slr0_4_0  |    1 |
| ulp_ulp_ucs_0_bd_22c0_fanout_aresetn_kernel_01_slr0_3_0  |    1 |
| ulp_ulp_ucs_0_bd_22c0_fanout_aresetn_kernel_01_slr0_2_0  |    1 |
| ulp_ulp_ucs_0_bd_22c0_fanout_aresetn_kernel_01_slr0_1_0  |    1 |
| ulp_ulp_ucs_0_bd_22c0_fanout_aresetn_kernel_00_slr2_4_0  |    1 |
| ulp_ulp_ucs_0_bd_22c0_fanout_aresetn_kernel_00_slr2_3_0  |    1 |
| ulp_ulp_ucs_0_bd_22c0_fanout_aresetn_kernel_00_slr2_2_0  |    1 |
| ulp_ulp_ucs_0_bd_22c0_fanout_aresetn_kernel_00_slr2_1_0  |    1 |
| ulp_ulp_ucs_0_bd_22c0_fanout_aresetn_kernel_00_slr1_4_0  |    1 |
| ulp_ulp_ucs_0_bd_22c0_fanout_aresetn_kernel_00_slr1_3_0  |    1 |
| ulp_ulp_ucs_0_bd_22c0_fanout_aresetn_kernel_00_slr1_2_0  |    1 |
| ulp_ulp_ucs_0_bd_22c0_fanout_aresetn_kernel_00_slr1_1_0  |    1 |
| ulp_ulp_ucs_0_bd_22c0_fanout_aresetn_kernel_00_slr0_4_0  |    1 |
| ulp_ulp_ucs_0_bd_22c0_fanout_aresetn_kernel_00_slr0_3_0  |    1 |
| ulp_ulp_ucs_0_bd_22c0_fanout_aresetn_kernel_00_slr0_2_0  |    1 |
| ulp_ulp_ucs_0_bd_22c0_fanout_aresetn_kernel_00_slr0_1_0  |    1 |
| ulp_ulp_ucs_0_bd_22c0_fanout_aresetn_hbm_0               |    1 |
| ulp_ulp_ucs_0_bd_22c0_fanout_aresetn_ctrl_slr2_4_0       |    1 |
| ulp_ulp_ucs_0_bd_22c0_fanout_aresetn_ctrl_slr2_3_0       |    1 |
| ulp_ulp_ucs_0_bd_22c0_fanout_aresetn_ctrl_slr2_2_0       |    1 |
| ulp_ulp_ucs_0_bd_22c0_fanout_aresetn_ctrl_slr2_1_0       |    1 |
| ulp_ulp_ucs_0_bd_22c0_fanout_aresetn_ctrl_slr1_4_0       |    1 |
| ulp_ulp_ucs_0_bd_22c0_fanout_aresetn_ctrl_slr1_3_0       |    1 |
| ulp_ulp_ucs_0_bd_22c0_fanout_aresetn_ctrl_slr1_2_0       |    1 |
| ulp_ulp_ucs_0_bd_22c0_fanout_aresetn_ctrl_slr1_1_0       |    1 |
| ulp_ulp_ucs_0_bd_22c0_fanout_aresetn_ctrl_slr0_4_0       |    1 |
| ulp_ulp_ucs_0_bd_22c0_fanout_aresetn_ctrl_slr0_3_0       |    1 |
| ulp_ulp_ucs_0_bd_22c0_fanout_aresetn_ctrl_slr0_2_0       |    1 |
| ulp_ulp_ucs_0_bd_22c0_fanout_aresetn_ctrl_slr0_1_0       |    1 |
| ulp_ulp_ucs_0_bd_22c0_clock_throttling_avg_0             |    1 |
| ulp_ulp_ucs_0_bd_22c0_clock_throttling_aclk_kernel_01_0  |    1 |
| ulp_ulp_ucs_0_bd_22c0_clock_throttling_aclk_kernel_00_0  |    1 |
| ulp_ulp_ucs_0_bd_22c0_clock_shutdown_latch_0             |    1 |
| ulp_ulp_ucs_0_bd_22c0_clkwiz_hbm_0                       |    1 |
| ulp_ulp_ucs_0_bd_22c0_clkwiz_aclk_kernel_01_0            |    1 |
| ulp_ulp_ucs_0_bd_22c0_clkwiz_aclk_kernel_00_0            |    1 |
| ulp_ulp_ucs_0_bd_22c0_clk_hbm_adapt_0                    |    1 |
| ulp_ulp_ucs_0_bd_22c0_build_info_0                       |    1 |
| ulp_ulp_ucs_0_bd_22c0_auto_cc_0                          |    1 |
| ulp_ulp_ucs_0_bd_22c0_aclk_kernel_01_cont_adapt_0        |    1 |
| ulp_ulp_ucs_0_bd_22c0_aclk_kernel_01_adapt_0             |    1 |
| ulp_ulp_ucs_0_bd_22c0_aclk_kernel_00_cont_adapt_0        |    1 |
| ulp_ulp_ucs_0_bd_22c0_aclk_kernel_00_adapt_0             |    1 |
+----------------------------------------------------------+------+


11. Instantiated Netlists
-------------------------

+----------+------+
| Ref Name | Used |
+----------+------+


12. SLR Connectivity
--------------------

+----------------------------------+------+-------+-----------+-------+
|                                  | Used | Fixed | Available | Util% |
+----------------------------------+------+-------+-----------+-------+
| SLR2 <-> SLR1                    |    0 |       |     23040 |  0.00 |
|   SLR1 -> SLR2                   |    0 |       |           |  0.00 |
|     Using TX_REG only            |    0 |     0 |           |       |
|     Using RX_REG only            |    0 |     0 |           |       |
|     Using Both TX_REG and RX_REG |    0 |     0 |           |       |
|   SLR2 -> SLR1                   |    0 |       |           |  0.00 |
|     Using TX_REG only            |    0 |     0 |           |       |
|     Using RX_REG only            |    0 |     0 |           |       |
|     Using Both TX_REG and RX_REG |    0 |     0 |           |       |
| SLR1 <-> SLR0                    |    0 |       |     23040 |  0.00 |
|   SLR0 -> SLR1                   |    0 |       |           |  0.00 |
|     Using TX_REG only            |    0 |     0 |           |       |
|     Using RX_REG only            |    0 |     0 |           |       |
|     Using Both TX_REG and RX_REG |    0 |     0 |           |       |
|   SLR1 -> SLR0                   |    0 |       |           |  0.00 |
|     Using TX_REG only            |    0 |     0 |           |       |
|     Using RX_REG only            |    0 |     0 |           |       |
|     Using Both TX_REG and RX_REG |    0 |     0 |           |       |
+----------------------------------+------+-------+-----------+-------+
| Total SLLs Used                  |    0 |       |           |       |
+----------------------------------+------+-------+-----------+-------+


13. SLR Connectivity Matrix
---------------------------

+-----------+------+------+------+
| FROM \ TO | SLR2 | SLR1 | SLR0 |
+-----------+------+------+------+
| SLR2      |    0 |    0 |    0 |
| SLR1      |    0 |    0 |    0 |
| SLR0      |    0 |    0 |    0 |
+-----------+------+------+------+


14. SLR CLB Logic and Dedicated Block Utilization
-------------------------------------------------

+----------------------------+------+------+------+--------+--------+--------+
|          Site Type         | SLR0 | SLR1 | SLR2 | SLR0 % | SLR1 % | SLR2 % |
+----------------------------+------+------+------+--------+--------+--------+
| CLB                        |    0 |    0 |    0 |   0.00 |   0.00 |   0.00 |
|   CLBL                     |    0 |    0 |    0 |   0.00 |   0.00 |   0.00 |
|   CLBM                     |    0 |    0 |    0 |   0.00 |   0.00 |   0.00 |
| CLB LUTs                   |    0 |    0 |    0 |   0.00 |   0.00 |   0.00 |
|   LUT as Logic             |    0 |    0 |    0 |   0.00 |   0.00 |   0.00 |
|   LUT as Memory            |    0 |    0 |    0 |   0.00 |   0.00 |   0.00 |
|     LUT as Distributed RAM |    0 |    0 |    0 |   0.00 |   0.00 |   0.00 |
|     LUT as Shift Register  |    0 |    0 |    0 |   0.00 |   0.00 |   0.00 |
| CLB Registers              |    0 |    0 |    0 |   0.00 |   0.00 |   0.00 |
| CARRY8                     |    0 |    0 |    0 |   0.00 |   0.00 |   0.00 |
| F7 Muxes                   |    0 |    0 |    0 |   0.00 |   0.00 |   0.00 |
| F8 Muxes                   |    0 |    0 |    0 |   0.00 |   0.00 |   0.00 |
| F9 Muxes                   |    0 |    0 |    0 |   0.00 |   0.00 |   0.00 |
| Block RAM Tile             |    0 |    0 |    0 |   0.00 |   0.00 |   0.00 |
|   RAMB36/FIFO              |    0 |    0 |    0 |   0.00 |   0.00 |   0.00 |
|   RAMB18                   |    0 |    0 |    0 |   0.00 |   0.00 |   0.00 |
| URAM                       |    0 |    0 |    0 |   0.00 |   0.00 |   0.00 |
| DSPs                       |    0 |    0 |    0 |   0.00 |   0.00 |   0.00 |
| Unique Control Sets        |    0 |    0 |    0 |   0.00 |   0.00 |   0.00 |
+----------------------------+------+------+------+--------+--------+--------+
* Note: Available Control Sets based on CLB Registers / 8


15. SLR IO Utilization
----------------------

+-----------+-----------+---------+------------+----------+------------+----------+-----+
| SLR Index | Used IOBs | (%)IOBs | Used IPADs | (%)IPADs | Used OPADs | (%)OPADs | GTs |
+-----------+-----------+---------+------------+----------+------------+----------+-----+
| SLR2      |         0 |    0.00 |          0 |     0.00 |          0 |     0.00 |   0 |
| SLR1      |         0 |    0.00 |          0 |     0.00 |          0 |     0.00 |   0 |
| SLR0      |         0 |    0.00 |          0 |     0.00 |          0 |     0.00 |   0 |
+-----------+-----------+---------+------------+----------+------------+----------+-----+
| Total     |         0 |         |          0 |          |          0 |          |   0 |
+-----------+-----------+---------+------------+----------+------------+----------+-----+


